// Jest Snapshot v1, https://goo.gl/fbAQLP

exports[`renders learn react link 1`] = `
<div
  className="container"
  data-test="container"
  title="dell lee"
>
  hello world
</div>
`;
